 id | title 
----+-------
 1  | 1
(1 row)

 id | title 
----+-------
 1  | 1
(1 row)

 id | title 
----+-------
(0 rows)

